Func BidirectionalCollection.difference(from:by:) has parameter 1 type change from (τ_0_0.Element, τ_1_0.Element) -> Bool to (τ_1_0.Element, τ_0_0.Element) -> Bool
